// Jest Snapshot v1, https://goo.gl/fbAQLP

exports[`generatePackageJson 1`] = `undefined`;
