// Jest Snapshot v1, https://goo.gl/fbAQLP

exports[`extractCodeBlocks 1`] = `
"Block 1

Block 2
"
`;
