// Jest Snapshot v1, https://goo.gl/fbAQLP

exports[`deserialize 1`] = `"html"`;

exports[`serialize 1`] = `"\\"html\\""`;
