// Jest Snapshot v1, https://goo.gl/fbAQLP

exports[`with-complex-headers 1`] = `
Object {
  "connection": "close",
  "content-length": "0",
  "content-type": "application/json",
  "cookies": "auth=Payload; username=User",
  "many": "42",
  "one": "foo",
}
`;
